TAP version 13
# Subtest: future eligibility preserves pinned run and rejects past/expired/mismatched catalogs
ok 1 - future eligibility preserves pinned run and rejects past/expired/mismatched catalogs
  ---
  duration_ms: 8.338542
  type: 'test'
  ...
# Subtest: tile session serializes selected visible work, no-store XYZ, disposal fences queued requests
ok 2 - tile session serializes selected visible work, no-store XYZ, disposal fences queued requests
  ---
  duration_ms: 64.701601
  type: 'test'
  ...
# Subtest: 429 stops whole session and queued work; malformed/bounded PNG rejected; abort signals propagated
ok 3 - 429 stops whole session and queued work; malformed/bounded PNG rejected; abort signals propagated
  ---
  duration_ms: 4.806172
  type: 'test'
  ...
# Subtest: decoded tile cache is exact-run/frame/XYZ bounded, copied, expired and shared across sessions; cooldown cannot be bypassed
ok 4 - decoded tile cache is exact-run/frame/XYZ bounded, copied, expired and shared across sessions; cooldown cannot be bypassed
  ---
  duration_ms: 27.032964
  type: 'test'
  ...
# Subtest: browser forecast XYZ, pinned times, same canvas, keyboard, stale, quota and regional gating
ok 5 - browser forecast XYZ, pinned times, same canvas, keyboard, stale, quota and regional gating
  ---
  duration_ms: 20769.710795
  type: 'test'
  ...
# Subtest: map selection keeps independent sorted advertised timelines and regional radar
ok 6 - map selection keeps independent sorted advertised timelines and regional radar
  ---
  duration_ms: 2.400155
  type: 'test'
  ...
# Subtest: geographic marker uses CRS84 orientation and excludes outside bounds without wrapping antimeridian
ok 7 - geographic marker uses CRS84 orientation and excludes outside bounds without wrapping antimeridian
  ---
  duration_ms: 0.293726
  type: 'test'
  ...
# Subtest: frame validation rejects mismatched product/time and preserves unknown coverage/time warnings
ok 8 - frame validation rejects mismatched product/time and preserves unknown coverage/time warnings
  ---
  duration_ms: 3.123145
  type: 'test'
  ...
# Subtest: bounded frame memory revokes least-recently-used URLs, replacement and disposal
ok 9 - bounded frame memory revokes least-recently-used URLs, replacement and disposal
  ---
  duration_ms: 0.54911
  type: 'test'
  ...
# Subtest: interactive overlay requires explicit Mercator and nonwrapping geographic corners
ok 10 - interactive overlay requires explicit Mercator and nonwrapping geographic corners
  ---
  duration_ms: 5.251535
  type: 'test'
  ...
# Subtest: weather source identity survives loading, frame changes and failure without worker removal races
ok 11 - weather source identity survives loading, frame changes and failure without worker removal races
  ---
  duration_ms: 1.465395
  type: 'test'
  ...
# Subtest: recent playback timeline is capped, chronological and uses only advertised instants
ok 12 - recent playback timeline is capped, chronological and uses only advertised instants
  ---
  duration_ms: 3.859389
  type: 'test'
  ...
# Subtest: persistent radar sample colors match retained NOAA style, not invented rainfall classes
ok 13 - persistent radar sample colors match retained NOAA style, not invented rainfall classes
  ---
  duration_ms: 3.656154
  type: 'test'
  ...
# Subtest: actual mobile browser playback, keyboard scrub, pause, quota and URL cleanup
ok 14 - actual mobile browser playback, keyboard scrub, pause, quota and URL cleanup
  ---
  duration_ms: 16556.821358
  type: 'test'
  ...
1..14
# tests 14
# suites 0
# pass 14
# fail 0
# cancelled 0
# skipped 0
# todo 0
# duration_ms 22323.853018
