TAP version 13
# (node:5789) ExperimentalWarning: SQLite is an experimental feature and might change at any time
# (Use `node --trace-warnings ...` to show where the warning was created)
# Subtest: authenticated opt-in registration is owner scoped, idempotent and mutable only by removal
ok 1 - authenticated opt-in registration is owner scoped, idempotent and mutable only by removal
  ---
  duration_ms: 120.119729
  type: 'test'
  ...
# Subtest: five-place installation and global capacity are enforced
ok 2 - five-place installation and global capacity are enforced
  ---
  duration_ms: 23.880796
  type: 'test'
  ...
# Subtest: forecast hook archives only opted-in exact locations and excludes unrelated/WBGT fields
ok 3 - forecast hook archives only opted-in exact locations and excludes unrelated/WBGT fields
  ---
  duration_ms: 12.152706
  type: 'test'
  ...
# Subtest: scorecard endpoint never authorizes by public place or target id
ok 4 - scorecard endpoint never authorizes by public place or target id
  ---
  duration_ms: 9.651707
  type: 'test'
  ...
# Subtest: station registration validates freshness after a delayed provider response
ok 5 - station registration validates freshness after a delayed provider response
  ---
  duration_ms: 5.5734
  type: 'test'
  ...
# (node:5790) ExperimentalWarning: SQLite is an experimental feature and might change at any time
# (Use `node --trace-warnings ...` to show where the warning was created)
# Subtest: production verification wiring captures baseline and named candidates under quota without raw heat payloads
ok 6 - production verification wiring captures baseline and named candidates under quota without raw heat payloads
  ---
  duration_ms: 68.015388
  type: 'test'
  ...
# (node:5791) ExperimentalWarning: SQLite is an experimental feature and might change at any time
# (Use `node --trace-warnings ...` to show where the warning was created)
# Subtest: captures baseline, budget-admitted candidate and schedules the target without live calls
ok 7 - captures baseline, budget-admitted candidate and schedules the target without live calls
  ---
  duration_ms: 34.635965
  type: 'test'
  ...
# Subtest: candidate is opt-in by explicit budget and daily cadence while baseline uses six hours
ok 8 - candidate is opt-in by explicit budget and daily cadence while baseline uses six hours
  ---
  duration_ms: 13.15771
  type: 'test'
  ...
# Subtest: later cycle archives only requested QC observation times before capturing a new forecast
ok 9 - later cycle archives only requested QC observation times before capturing a new forecast
  ---
  duration_ms: 22.782366
  type: 'test'
  ...
# Subtest: observation failure remains pending without suppressing a fresh forecast capture
ok 10 - observation failure remains pending without suppressing a fresh forecast capture
  ---
  duration_ms: 7.830466
  type: 'test'
  ...
# Subtest: inactive installation is pruned before leasing and performs no provider work
ok 11 - inactive installation is pruned before leasing and performs no provider work
  ---
  duration_ms: 1.93169
  type: 'test'
  ...
# Subtest: provider failures back off durably and do not create partial forecast snapshots
ok 12 - provider failures back off durably and do not create partial forecast snapshots
  ---
  duration_ms: 4.455561
  type: 'test'
  ...
# Subtest: shutdown and same-instance concurrency abort provider work without publication
ok 13 - shutdown and same-instance concurrency abort provider work without publication
  ---
  duration_ms: 3.492237
  type: 'test'
  ...
# Subtest: NWS adapter preserves source time/QC and never treats shifted precipitation periods as forecast-hour truth
ok 14 - NWS adapter preserves source time/QC and never treats shifted precipitation periods as forecast-hour truth
  ---
  duration_ms: 14.392409
  type: 'test'
  ...
# (node:5792) ExperimentalWarning: SQLite is an experimental feature and might change at any time
# (Use `node --trace-warnings ...` to show where the warning was created)
# Subtest: immutable archive deduplicates identical snapshots and never stores non-contract weather fields
ok 15 - immutable archive deduplicates identical snapshots and never stores non-contract weather fields
  ---
  duration_ms: 31.497578
  type: 'test'
  ...
# Subtest: scorecard reports explicit preliminary gate, errors, rain skill and paired candidate evidence
ok 16 - scorecard reports explicit preliminary gate, errors, rain skill and paired candidate evidence
  ---
  duration_ms: 32.659319
  type: 'test'
  ...
# Subtest: rain events use the provider-defined strict more-than 0.1 mm preceding-hour threshold
ok 17 - rain events use the provider-defined strict more-than 0.1 mm preceding-hour threshold
  ---
  duration_ms: 5.374102
  type: 'test'
  ...
# Subtest: scorecard fails explicitly before loading more than its bounded deduplicated row budget
ok 18 - scorecard fails explicitly before loading more than its bounded deduplicated row budget
  ---
  duration_ms: 7.194842
  type: 'test'
  ...
# Subtest: scorecard ranks repeated forecast snapshots in SQL before loading compact rows
ok 19 - scorecard ranks repeated forecast snapshots in SQL before loading compact rows
  ---
  duration_ms: 6.176042
  type: 'test'
  ...
# Subtest: inactive installation membership stops scheduling and matching without unbounded archive cascade
ok 20 - inactive installation membership stops scheduling and matching without unbounded archive cascade
  ---
  duration_ms: 3.483139
  type: 'test'
  ...
# Subtest: forecast sanitizer binds normalized target identity and retains request identity and source elevation
ok 21 - forecast sanitizer binds normalized target identity and retains request identity and source elevation
  ---
  duration_ms: 1.988497
  type: 'test'
  ...
# Subtest: quality flags, null values and mismatched precipitation periods are counted, never scored
ok 22 - quality flags, null values and mismatched precipitation periods are counted, never scored
  ---
  duration_ms: 4.984865
  type: 'test'
  ...
# Subtest: leases fence scheduling, installation limit is five and removing final member deletes its archive
ok 23 - leases fence scheduling, installation limit is five and removing final member deletes its archive
  ---
  duration_ms: 7.081928
  type: 'test'
  ...
1..23
# tests 23
# suites 0
# pass 23
# fail 0
# cancelled 0
# skipped 0
# todo 0
# duration_ms 795.284034
